
> lamas@0.1.0 build
> next build

Γû▓ Next.js 16.1.6 (Turbopack)
- Environments: .env.local, .env

node.exe : ΓÜá The "middleware" file convention is 
deprecated. Please use "proxy" instead. Learn 
more: https://nextjs.org/docs/messages/middleware-t
o-proxy
At line:1 char:1
+ & "C:\Program Files\nodejs/node.exe" "C:\Program 
Files\nodejs/node_mo ...
+ ~~~~~~~~~~~~~~~~~~~~~~~~~~~~~~~~~~~~~~~~~~~~~~~~~
~~~~~~~~~~~~~~~~~~~~
    + CategoryInfo          : NotSpecified: (ΓÜá T 
   he "middle...leware-to-proxy:String) [], Remot  
  eException
    + FullyQualifiedErrorId : NativeCommandError
 
  Creating an optimized production build ...
Γ£ô Compiled successfully in 23.6s
  Running TypeScript ...
  Collecting page data using 7 workers ...
  Generating static pages using 7 workers (0/44) ...
  Generating static pages using 7 workers (11/44) 
  Generating static pages using 7 workers (22/44) 
  Generating static pages using 7 workers (33/44) 
Γ£ô Generating static pages using 7 workers (44/44) in 1904.1ms
  Finalizing page optimization ...

Route (app)
Γöî ╞Æ /
Γö£ ╞Æ /_not-found
Γö£ ╞Æ /admin
Γö£ ╞Æ /admin/analytics
Γö£ ╞Æ /admin/audit
Γö£ ╞Æ /admin/courses
Γö£ ╞Æ /admin/deadlines
Γö£ ╞Æ /admin/departments
Γö£ ╞Æ /admin/lecturers
Γö£ ╞Æ /admin/notify
Γö£ ╞Æ /admin/reports
Γö£ ╞Æ /admin/submissions
Γö£ ╞Æ /admin/terms
Γö£ ╞Æ /admin/users
Γö£ ╞Æ /api/active-term
Γö£ ╞Æ /api/admin/analytics
Γö£ ╞Æ /api/admin/departments
Γö£ ╞Æ /api/admin/terms
Γö£ ╞Æ /api/admin/terms/[id]
Γö£ ╞Æ /api/admin/users
Γö£ ╞Æ /api/admin/users/[id]
Γö£ ╞Æ /api/analytics/compliance
Γö£ ╞Æ /api/analytics/observations
Γö£ ╞Æ /api/audit
Γö£ ╞Æ /api/auth/[...nextauth]
Γö£ ╞Æ /api/auth/login
Γö£ ╞Æ /api/auth/password-reset
Γö£ ╞Æ /api/courses
Γö£ ╞Æ /api/courses/[id]
Γö£ ╞Æ /api/cron/deadlines
Γö£ ╞Æ /api/deadlines
Γö£ ╞Æ /api/department/colleagues
Γö£ ╞Æ /api/hod/resources
Γö£ ╞Æ /api/hod/resources/[id]
Γö£ ╞Æ /api/lecturers
Γö£ ╞Æ /api/notifications
Γö£ ╞Æ /api/observations
Γö£ ╞Æ /api/observations/[id]
Γö£ ╞Æ /api/resources
Γö£ ╞Æ /api/resources/[id]
Γö£ ╞Æ /api/search
Γö£ ╞Æ /api/submissions
Γö£ ╞Æ /api/upload
Γö£ ╞Æ /checkin/[token]
Γö£ ╞Æ /hod
Γö£ ╞Æ /hod/courses
Γö£ ╞Æ /hod/lecturers
Γö£ ╞Æ /hod/observations
Γö£ ╞Æ /hod/reports
Γö£ ╞Æ /hod/resources
Γö£ ╞Æ /lecturer
Γö£ ╞Æ /lecturer/department
Γö£ ╞Æ /lecturer/observations
Γö£ ╞Æ /lecturer/reports
Γö£ ╞Æ /lecturer/resources
Γö£ ╞Æ /lecturer/submissions
Γöö ╞Æ /login


╞Æ Proxy (Middleware)

╞Æ  (Dynamic)  server-rendered on demand

